Archive member included to satisfy reference by file (symbol)

c:/program files/microchip/xc32/v3.01/bin/bin/../../lib/gcc/pic32c/8.3.1/../../../../pic32c/lib/thumb/v6-m/nofp\libpic32c.a(data_init.o)
                              build/default/production/_ext/1171490990/startup_xc32.o (__pic32c_data_initialization)
c:/program files/microchip/xc32/v3.01/bin/bin/../../lib/gcc/pic32c/8.3.1/../../../../pic32c/lib/thumb/v6-m/nofp\libc_nano.a(lib_a-init.o)
                              build/default/production/_ext/1171490990/startup_xc32.o (__libc_init_array)
c:/program files/microchip/xc32/v3.01/bin/bin/../../lib/gcc/pic32c/8.3.1/../../../../pic32c/lib/thumb/v6-m/nofp\libc_nano.a(lib_a-memcpy-stub.o)
                              build/default/production/_ext/1593096446/plib_nvmctrl.o (memcpy)

Microchip PIC32 Memory-Usage Report

ROM Program-Memory Usage
section                    address  length [bytes]      (dec)  Description
-------                 ----------  -------------------------  -----------
.vectors                         0           0xb0         176   
.text                         0xb0           0x20          32  App's exec code 
.text.CLOCK_Initialize        0xd0           0x98         152   
.text.__pic32c_data_ini      0x168           0x90         144   
.text.EIC_Initialize         0x1f8           0x80         128   
.text                        0x278           0x48          72  App's exec code 
.text.Reset_Handler          0x2c0           0x48          72   
.text.EIC_InterruptHand      0x308           0x48          72   
.text.__libc_init_array      0x350           0x48          72   
.dinit                       0x398           0x30          48   
.text.SYS_Initialize         0x3c8           0x28          40   
.text.EIC_CallbackRegis      0x3f0           0x28          40   
.text.PORT_Initialize        0x418           0x24          36   
.text.NVIC_Initialize        0x43c           0x24          36   
.text.main                   0x460           0x18          24   
.text.EIC_UserHandler        0x478           0x10          16   
.text.NVMCTRL_Initializ      0x488            0xc          12   
.text.EVSYS_Initialize       0x494            0x2           2   
.text.Dummy_Handler          0x496            0x2           2   
.text.NonMaskableInt_Ha      0x498            0x2           2   
.text.HardFault_Handler      0x49a            0x2           2   
.text.Dummy_App_Func         0x49c            0x2           2   
      Total ROM used  :       0x49e        1182  0.5% of 0x40000
        --------------------------------------------------------------------------
         Total Program Memory used  :       0x49e        1182  0.5% of 0x40000
        --------------------------------------------------------------------------


RAM Data-Memory Usage
section                    address  length [bytes]      (dec)  Description
-------                 ----------  -------------------------  -----------
.bss.eicCallbackObject  0x20000000           0xc0         192   
.bss                    0x200000c0           0x20          32  Uninitialized data 
         Total RAM used  :        0xe0         224  0.7% of 0x8000
        --------------------------------------------------------------------------
            Total Data Memory used  :        0xe0         224  0.7% of 0x8000
        --------------------------------------------------------------------------


Dynamic Data-Memory Reservation
section                    address  length [bytes]      (dec)  Description
-------                 ----------  -------------------------  -----------
heap                    0x200000e8          0x200         512  Reserved for heap 
stack                   0x20000300         0x7cf8       31992  Reserved for stack 

        --------------------------------------------------------------------------

Discarded input sections

 .text          0x00000000        0x0 c:/program files/microchip/xc32/v3.01/bin/bin/../../lib/gcc/pic32c/8.3.1/thumb/v6-m/nofp/crti.o
 .data          0x00000000        0x0 c:/program files/microchip/xc32/v3.01/bin/bin/../../lib/gcc/pic32c/8.3.1/thumb/v6-m/nofp/crti.o
 .bss           0x00000000        0x0 c:/program files/microchip/xc32/v3.01/bin/bin/../../lib/gcc/pic32c/8.3.1/thumb/v6-m/nofp/crti.o
 .xc_stack_usage.hdr
                0x00000000        0xe c:/program files/microchip/xc32/v3.01/bin/bin/../../lib/gcc/pic32c/8.3.1/thumb/v6-m/nofp/crti.o
 .xc_stack_usage
                0x00000000       0x26 c:/program files/microchip/xc32/v3.01/bin/bin/../../lib/gcc/pic32c/8.3.1/thumb/v6-m/nofp/crti.o
 .data          0x00000000        0x4 c:/program files/microchip/xc32/v3.01/bin/bin/../../lib/gcc/pic32c/8.3.1/thumb/v6-m/nofp/crtbegin.o
 .xc_stack_usage
                0x00000000       0x3c c:/program files/microchip/xc32/v3.01/bin/bin/../../lib/gcc/pic32c/8.3.1/thumb/v6-m/nofp/crtbegin.o
 .xc_stack_usage.hdr
                0x00000000        0xe c:/program files/microchip/xc32/v3.01/bin/bin/../../lib/gcc/pic32c/8.3.1/thumb/v6-m/nofp/crtbegin.o
 .text          0x00000000        0x0 build/default/production/_ext/1593096446/plib_nvmctrl.o
 .data          0x00000000        0x0 build/default/production/_ext/1593096446/plib_nvmctrl.o
 .bss           0x00000000        0x0 build/default/production/_ext/1593096446/plib_nvmctrl.o
 .text.NVMCTRL_CacheInvalidate
                0x00000000       0x10 build/default/production/_ext/1593096446/plib_nvmctrl.o
 .text.NVMCTRL_Read
                0x00000000       0x10 build/default/production/_ext/1593096446/plib_nvmctrl.o
 .text.NVMCTRL_PageBufferWrite
                0x00000000       0x14 build/default/production/_ext/1593096446/plib_nvmctrl.o
 .text.NVMCTRL_PageBufferCommit
                0x00000000       0x18 build/default/production/_ext/1593096446/plib_nvmctrl.o
 .text.NVMCTRL_PageWrite
                0x00000000       0x28 build/default/production/_ext/1593096446/plib_nvmctrl.o
 .text.NVMCTRL_RowErase
                0x00000000       0x18 build/default/production/_ext/1593096446/plib_nvmctrl.o
 .text.NVMCTRL_ErrorGet
                0x00000000       0x2c build/default/production/_ext/1593096446/plib_nvmctrl.o
 .text.NVMCTRL_IsBusy
                0x00000000       0x14 build/default/production/_ext/1593096446/plib_nvmctrl.o
 .text.NVMCTRL_RegionLock
                0x00000000       0x14 build/default/production/_ext/1593096446/plib_nvmctrl.o
 .text.NVMCTRL_RegionUnlock
                0x00000000       0x14 build/default/production/_ext/1593096446/plib_nvmctrl.o
 .text          0x00000000        0x0 build/default/production/_ext/1986646378/plib_evsys.o
 .data          0x00000000        0x0 build/default/production/_ext/1986646378/plib_evsys.o
 .bss           0x00000000        0x0 build/default/production/_ext/1986646378/plib_evsys.o
 .text          0x00000000        0x0 build/default/production/_ext/1360937237/main.o
 .data          0x00000000        0x0 build/default/production/_ext/1360937237/main.o
 .bss           0x00000000        0x0 build/default/production/_ext/1360937237/main.o
 .text          0x00000000        0x0 build/default/production/_ext/1171490990/initialization.o
 .data          0x00000000        0x0 build/default/production/_ext/1171490990/initialization.o
 .bss           0x00000000        0x0 build/default/production/_ext/1171490990/initialization.o
 .text          0x00000000        0x0 build/default/production/_ext/1171490990/interrupts.o
 .data          0x00000000        0x0 build/default/production/_ext/1171490990/interrupts.o
 .bss           0x00000000        0x0 build/default/production/_ext/1171490990/interrupts.o
 .text          0x00000000        0x0 build/default/production/_ext/1171490990/exceptions.o
 .data          0x00000000        0x0 build/default/production/_ext/1171490990/exceptions.o
 .bss           0x00000000        0x0 build/default/production/_ext/1171490990/exceptions.o
 .text          0x00000000        0x0 build/default/production/_ext/163028504/xc32_monitor.o
 .data          0x00000000        0x0 build/default/production/_ext/163028504/xc32_monitor.o
 .bss           0x00000000        0x0 build/default/production/_ext/163028504/xc32_monitor.o
 .text._mon_getc
                0x00000000        0x4 build/default/production/_ext/163028504/xc32_monitor.o
 .text._mon_putc
                0x00000000        0x2 build/default/production/_ext/163028504/xc32_monitor.o
 .debug_info    0x00000000      0x2ce build/default/production/_ext/163028504/xc32_monitor.o
 .debug_abbrev  0x00000000       0x80 build/default/production/_ext/163028504/xc32_monitor.o
 .debug_loc     0x00000000       0x25 build/default/production/_ext/163028504/xc32_monitor.o
 .debug_aranges
                0x00000000       0x28 build/default/production/_ext/163028504/xc32_monitor.o
 .debug_ranges  0x00000000       0x18 build/default/production/_ext/163028504/xc32_monitor.o
 .debug_line    0x00000000       0x7d build/default/production/_ext/163028504/xc32_monitor.o
 .debug_str     0x00000000        0x0 build/default/production/_ext/163028504/xc32_monitor.o
 .comment       0x00000000       0x54 build/default/production/_ext/163028504/xc32_monitor.o
 .debug_frame   0x00000000       0x30 build/default/production/_ext/163028504/xc32_monitor.o
 .ARM.attributes
                0x00000000       0x2c build/default/production/_ext/163028504/xc32_monitor.o
 .text          0x00000000        0x0 build/default/production/_ext/1865521619/plib_port.o
 .data          0x00000000        0x0 build/default/production/_ext/1865521619/plib_port.o
 .bss           0x00000000        0x0 build/default/production/_ext/1865521619/plib_port.o
 .text.PORT_GroupRead
                0x00000000        0x4 build/default/production/_ext/1865521619/plib_port.o
 .text.PORT_GroupWrite
                0x00000000        0xc build/default/production/_ext/1865521619/plib_port.o
 .text.PORT_GroupLatchRead
                0x00000000        0x4 build/default/production/_ext/1865521619/plib_port.o
 .text.PORT_GroupSet
                0x00000000        0x4 build/default/production/_ext/1865521619/plib_port.o
 .text.PORT_GroupClear
                0x00000000        0x4 build/default/production/_ext/1865521619/plib_port.o
 .text.PORT_GroupToggle
                0x00000000        0x4 build/default/production/_ext/1865521619/plib_port.o
 .text.PORT_GroupInputEnable
                0x00000000        0x4 build/default/production/_ext/1865521619/plib_port.o
 .text.PORT_GroupOutputEnable
                0x00000000        0x4 build/default/production/_ext/1865521619/plib_port.o
 .text.PORT_PinPeripheralFunctionConfig
                0x00000000       0x48 build/default/production/_ext/1865521619/plib_port.o
 .text.PORT_PinGPIOConfig
                0x00000000       0x20 build/default/production/_ext/1865521619/plib_port.o
 .text          0x00000000        0x0 build/default/production/_ext/1984496892/plib_clock.o
 .data          0x00000000        0x0 build/default/production/_ext/1984496892/plib_clock.o
 .bss           0x00000000        0x0 build/default/production/_ext/1984496892/plib_clock.o
 .text          0x00000000        0x0 build/default/production/_ext/1865468468/plib_nvic.o
 .data          0x00000000        0x0 build/default/production/_ext/1865468468/plib_nvic.o
 .bss           0x00000000        0x0 build/default/production/_ext/1865468468/plib_nvic.o
 .text.NVIC_INT_Enable
                0x00000000        0x8 build/default/production/_ext/1865468468/plib_nvic.o
 .text.NVIC_INT_Disable
                0x00000000       0x12 build/default/production/_ext/1865468468/plib_nvic.o
 .text.NVIC_INT_Restore
                0x00000000       0x14 build/default/production/_ext/1865468468/plib_nvic.o
 .text          0x00000000        0x0 build/default/production/_ext/1171490990/startup_xc32.o
 .data          0x00000000        0x0 build/default/production/_ext/1171490990/startup_xc32.o
 .bss           0x00000000        0x0 build/default/production/_ext/1171490990/startup_xc32.o
 .text          0x00000000        0x0 build/default/production/_ext/1171490990/libc_syscalls.o
 .data          0x00000000        0x0 build/default/production/_ext/1171490990/libc_syscalls.o
 .bss           0x00000000        0x0 build/default/production/_ext/1171490990/libc_syscalls.o
 .text._exit    0x00000000        0x2 build/default/production/_ext/1171490990/libc_syscalls.o
 .debug_info    0x00000000      0xf22 build/default/production/_ext/1171490990/libc_syscalls.o
 .debug_abbrev  0x00000000      0x1cc build/default/production/_ext/1171490990/libc_syscalls.o
 .debug_loc     0x00000000       0x15 build/default/production/_ext/1171490990/libc_syscalls.o
 .debug_aranges
                0x00000000       0x20 build/default/production/_ext/1171490990/libc_syscalls.o
 .debug_ranges  0x00000000       0x10 build/default/production/_ext/1171490990/libc_syscalls.o
 .debug_line    0x00000000      0x143 build/default/production/_ext/1171490990/libc_syscalls.o
 .debug_str     0x00000000        0xe build/default/production/_ext/1171490990/libc_syscalls.o
 .comment       0x00000000       0x54 build/default/production/_ext/1171490990/libc_syscalls.o
 .debug_frame   0x00000000       0x20 build/default/production/_ext/1171490990/libc_syscalls.o
 .ARM.attributes
                0x00000000       0x2c build/default/production/_ext/1171490990/libc_syscalls.o
 .text          0x00000000        0x0 build/default/production/_ext/60167341/plib_eic.o
 .data          0x00000000        0x0 build/default/production/_ext/60167341/plib_eic.o
 .bss           0x00000000        0x0 build/default/production/_ext/60167341/plib_eic.o
 .text.EIC_InterruptEnable
                0x00000000       0x10 build/default/production/_ext/60167341/plib_eic.o
 .text.EIC_InterruptDisable
                0x00000000       0x10 build/default/production/_ext/60167341/plib_eic.o
 .text          0x00000000        0x0 c:/program files/microchip/xc32/v3.01/bin/bin/../../lib/gcc/pic32c/8.3.1/../../../../pic32c/lib/thumb/v6-m/nofp\libpic32c.a(data_init.o)
 .data          0x00000000        0x0 c:/program files/microchip/xc32/v3.01/bin/bin/../../lib/gcc/pic32c/8.3.1/../../../../pic32c/lib/thumb/v6-m/nofp\libpic32c.a(data_init.o)
 .xc_stack_usage
                0x00000000       0x2a c:/program files/microchip/xc32/v3.01/bin/bin/../../lib/gcc/pic32c/8.3.1/../../../../pic32c/lib/thumb/v6-m/nofp\libpic32c.a(data_init.o)
 .xc_stack_usage.hdr
                0x00000000        0xe c:/program files/microchip/xc32/v3.01/bin/bin/../../lib/gcc/pic32c/8.3.1/../../../../pic32c/lib/thumb/v6-m/nofp\libpic32c.a(data_init.o)
 .text          0x00000000        0x0 c:/program files/microchip/xc32/v3.01/bin/bin/../../lib/gcc/pic32c/8.3.1/../../../../pic32c/lib/thumb/v6-m/nofp\libc_nano.a(lib_a-init.o)
 .data          0x00000000        0x0 c:/program files/microchip/xc32/v3.01/bin/bin/../../lib/gcc/pic32c/8.3.1/../../../../pic32c/lib/thumb/v6-m/nofp\libc_nano.a(lib_a-init.o)
 .bss           0x00000000        0x0 c:/program files/microchip/xc32/v3.01/bin/bin/../../lib/gcc/pic32c/8.3.1/../../../../pic32c/lib/thumb/v6-m/nofp\libc_nano.a(lib_a-init.o)
 .xc_stack_usage
                0x00000000       0x1f c:/program files/microchip/xc32/v3.01/bin/bin/../../lib/gcc/pic32c/8.3.1/../../../../pic32c/lib/thumb/v6-m/nofp\libc_nano.a(lib_a-init.o)
 .xc_stack_usage.hdr
                0x00000000        0xe c:/program files/microchip/xc32/v3.01/bin/bin/../../lib/gcc/pic32c/8.3.1/../../../../pic32c/lib/thumb/v6-m/nofp\libc_nano.a(lib_a-init.o)
 .text          0x00000000        0x0 c:/program files/microchip/xc32/v3.01/bin/bin/../../lib/gcc/pic32c/8.3.1/../../../../pic32c/lib/thumb/v6-m/nofp\libc_nano.a(lib_a-memcpy-stub.o)
 .data          0x00000000        0x0 c:/program files/microchip/xc32/v3.01/bin/bin/../../lib/gcc/pic32c/8.3.1/../../../../pic32c/lib/thumb/v6-m/nofp\libc_nano.a(lib_a-memcpy-stub.o)
 .bss           0x00000000        0x0 c:/program files/microchip/xc32/v3.01/bin/bin/../../lib/gcc/pic32c/8.3.1/../../../../pic32c/lib/thumb/v6-m/nofp\libc_nano.a(lib_a-memcpy-stub.o)
 .xc_stack_usage
                0x00000000       0x14 c:/program files/microchip/xc32/v3.01/bin/bin/../../lib/gcc/pic32c/8.3.1/../../../../pic32c/lib/thumb/v6-m/nofp\libc_nano.a(lib_a-memcpy-stub.o)
 .text.memcpy   0x00000000       0x12 c:/program files/microchip/xc32/v3.01/bin/bin/../../lib/gcc/pic32c/8.3.1/../../../../pic32c/lib/thumb/v6-m/nofp\libc_nano.a(lib_a-memcpy-stub.o)
 .xc_stack_usage.hdr
                0x00000000        0xe c:/program files/microchip/xc32/v3.01/bin/bin/../../lib/gcc/pic32c/8.3.1/../../../../pic32c/lib/thumb/v6-m/nofp\libc_nano.a(lib_a-memcpy-stub.o)
 .comment       0x00000000       0x54 c:/program files/microchip/xc32/v3.01/bin/bin/../../lib/gcc/pic32c/8.3.1/../../../../pic32c/lib/thumb/v6-m/nofp\libc_nano.a(lib_a-memcpy-stub.o)
 .ARM.attributes
                0x00000000       0x2c c:/program files/microchip/xc32/v3.01/bin/bin/../../lib/gcc/pic32c/8.3.1/../../../../pic32c/lib/thumb/v6-m/nofp\libc_nano.a(lib_a-memcpy-stub.o)
 .text          0x00000000        0x0 c:/program files/microchip/xc32/v3.01/bin/bin/../../lib/gcc/pic32c/8.3.1/thumb/v6-m/nofp/crtend.o
 .data          0x00000000        0x0 c:/program files/microchip/xc32/v3.01/bin/bin/../../lib/gcc/pic32c/8.3.1/thumb/v6-m/nofp/crtend.o
 .bss           0x00000000        0x0 c:/program files/microchip/xc32/v3.01/bin/bin/../../lib/gcc/pic32c/8.3.1/thumb/v6-m/nofp/crtend.o
 .eh_frame      0x00000000        0x4 c:/program files/microchip/xc32/v3.01/bin/bin/../../lib/gcc/pic32c/8.3.1/thumb/v6-m/nofp/crtend.o
 .xc_stack_usage.hdr
                0x00000000        0xe c:/program files/microchip/xc32/v3.01/bin/bin/../../lib/gcc/pic32c/8.3.1/thumb/v6-m/nofp/crtend.o
 .comment       0x00000000       0x54 c:/program files/microchip/xc32/v3.01/bin/bin/../../lib/gcc/pic32c/8.3.1/thumb/v6-m/nofp/crtend.o
 .ARM.attributes
                0x00000000       0x2c c:/program files/microchip/xc32/v3.01/bin/bin/../../lib/gcc/pic32c/8.3.1/thumb/v6-m/nofp/crtend.o
 .text          0x00000000        0x0 c:/program files/microchip/xc32/v3.01/bin/bin/../../lib/gcc/pic32c/8.3.1/thumb/v6-m/nofp/crtn.o
 .data          0x00000000        0x0 c:/program files/microchip/xc32/v3.01/bin/bin/../../lib/gcc/pic32c/8.3.1/thumb/v6-m/nofp/crtn.o
 .bss           0x00000000        0x0 c:/program files/microchip/xc32/v3.01/bin/bin/../../lib/gcc/pic32c/8.3.1/thumb/v6-m/nofp/crtn.o
 .xc_stack_usage.hdr
                0x00000000        0xe c:/program files/microchip/xc32/v3.01/bin/bin/../../lib/gcc/pic32c/8.3.1/thumb/v6-m/nofp/crtn.o

Memory Configuration

Name             Origin             Length             Attributes
rom              0x00000000         0x00040000         xrl
ram              0x20000000         0x00008000         xw !r
config_00804000  0x00804000         0x00000004
config_00804004  0x00804004         0x00000004
*default*        0x00000000         0xffffffff

Linker script and memory map

LOAD c:/program files/microchip/xc32/v3.01/bin/bin/../../lib/gcc/pic32c/8.3.1/thumb/v6-m/nofp/crti.o
LOAD c:/program files/microchip/xc32/v3.01/bin/bin/../../lib/gcc/pic32c/8.3.1/thumb/v6-m/nofp/crtbegin.o
LOAD build/default/production/_ext/1593096446/plib_nvmctrl.o
LOAD build/default/production/_ext/1986646378/plib_evsys.o
LOAD build/default/production/_ext/1360937237/main.o
LOAD build/default/production/_ext/1171490990/initialization.o
LOAD build/default/production/_ext/1171490990/interrupts.o
LOAD build/default/production/_ext/1171490990/exceptions.o
LOAD build/default/production/_ext/163028504/xc32_monitor.o
LOAD build/default/production/_ext/1865521619/plib_port.o
LOAD build/default/production/_ext/1984496892/plib_clock.o
LOAD build/default/production/_ext/1865468468/plib_nvic.o
LOAD build/default/production/_ext/1171490990/startup_xc32.o
LOAD build/default/production/_ext/1171490990/libc_syscalls.o
LOAD build/default/production/_ext/60167341/plib_eic.o
                0x00000001                __MPLAB_BUILD = 0x1
                0x00040000                __rom_end = (ORIGIN (rom) + LENGTH (rom))
                0x20008000                __ram_end = (ORIGIN (ram) + LENGTH (ram))

.config_00804000
                0x00804000        0x4
 *(.config_00804000)
 .config_00804000
                0x00804000        0x4 build/default/production/_ext/1171490990/initialization.o
                0x00804000                __config_00804000

.config_00804004
                0x00804004        0x4
 *(.config_00804004)
 .config_00804004
                0x00804004        0x4 build/default/production/_ext/1171490990/initialization.o
                0x00804004                __config_00804004

.vectors        0x00000000       0xb0
                0x00000000                . = ALIGN (0x4)
                0x00000000                _sfixed = .
 *(.vectors .vectors.* .vectors_default .vectors_default.*)
 .vectors       0x00000000       0xb0 build/default/production/_ext/1171490990/interrupts.o
                0x00000000                exception_table
 *(.isr_vector)
 *(.reset*)
 *(.after_vectors)

.text           0x000000b0       0x20
                0x000000b0                . = ALIGN (0x4)
 *(.glue_7t)
 .glue_7t       0x000000b0        0x0 linker stubs
 *(.glue_7)
 .glue_7        0x000000b0        0x0 linker stubs
 *(.gnu.linkonce.r.*)
 *(.ARM.extab* .gnu.linkonce.armextab.*)
                0x000000b0                . = ALIGN (0x4)
 *(.init)
 .init          0x000000b0        0x4 c:/program files/microchip/xc32/v3.01/bin/bin/../../lib/gcc/pic32c/8.3.1/thumb/v6-m/nofp/crti.o
                0x000000b0                _init
 .init          0x000000b4        0x8 c:/program files/microchip/xc32/v3.01/bin/bin/../../lib/gcc/pic32c/8.3.1/thumb/v6-m/nofp/crtn.o
                0x000000bc                . = ALIGN (0x4)
                0x000000bc                __preinit_array_start = .
 *(.preinit_array)
                0x000000bc                __preinit_array_end = .
                0x000000bc                . = ALIGN (0x4)
                0x000000bc                __init_array_start = .
 *(SORT_BY_NAME(.init_array.*))
 *(.init_array)
 .init_array    0x000000bc        0x4 c:/program files/microchip/xc32/v3.01/bin/bin/../../lib/gcc/pic32c/8.3.1/thumb/v6-m/nofp/crtbegin.o
                0x000000c0                __init_array_end = .
                0x000000c0                . = ALIGN (0x4)
 *crtbegin.o(.ctors)
 *(EXCLUDE_FILE(*crtend.o) .ctors)
 *(SORT_BY_NAME(.ctors.*))
 *crtend.o(.ctors)
                0x000000c0                . = ALIGN (0x4)
 *(.fini)
 .fini          0x000000c0        0x4 c:/program files/microchip/xc32/v3.01/bin/bin/../../lib/gcc/pic32c/8.3.1/thumb/v6-m/nofp/crti.o
                0x000000c0                _fini
 .fini          0x000000c4        0x8 c:/program files/microchip/xc32/v3.01/bin/bin/../../lib/gcc/pic32c/8.3.1/thumb/v6-m/nofp/crtn.o
                0x000000cc                . = ALIGN (0x4)
                0x000000cc                __fini_array_start = .
 *(.fini_array)
 .fini_array    0x000000cc        0x4 c:/program files/microchip/xc32/v3.01/bin/bin/../../lib/gcc/pic32c/8.3.1/thumb/v6-m/nofp/crtbegin.o
 *(SORT_BY_NAME(.fini_array.*))
                0x000000d0                __fini_array_end = .
 *crtbegin.o(.dtors)
 *(EXCLUDE_FILE(*crtend.o) .dtors)
 *(SORT_BY_NAME(.dtors.*))
 *crtend.o(.dtors)
                0x000000d0                . = ALIGN (0x4)
                0x000000d0                _efixed = .
                [!provide]                PROVIDE (__exidx_start = .)

.ARM.exidx
 *(.ARM.exidx* .gnu.linkonce.armexidx.*)
                [!provide]                PROVIDE (__exidx_end = .)
                0x000000d0                . = ALIGN (0x4)
                0x000000d0                _etext = .

.bss            0x20000000        0x0
                0x20000000                . = ALIGN (0x4)
                0x20000000                __bss_start__ = .
                0x20000000                _sbss = .
                0x20000000                _szero = .
 *(COMMON)
                0x20000000                . = ALIGN (0x4)
                0x20000000                __bss_end__ = .
                0x20000000                _ebss = .
                0x20000000                _ezero = .
                0x20000000                . = ALIGN (0x4)
                0x20000000                _end = .
                0x20007fff                _ram_end_ = ((ORIGIN (ram) + LENGTH (ram)) - 0x1)
                0x00000200                _min_heap_size = 0x200
START GROUP
LOAD c:/program files/microchip/xc32/v3.01/bin/bin/../../lib/gcc/pic32c/8.3.1/../../../../pic32c/lib/thumb/v6-m/nofp\libpic32c.a
LOAD c:/program files/microchip/xc32/v3.01/bin/bin/../../lib/gcc/pic32c/8.3.1/thumb/v6-m/nofp\libgcc.a
LOAD c:/program files/microchip/xc32/v3.01/bin/bin/../../lib/gcc/pic32c/8.3.1/../../../../pic32c/lib/thumb/v6-m/nofp\libm_nano.a
LOAD c:/program files/microchip/xc32/v3.01/bin/bin/../../lib/gcc/pic32c/8.3.1/../../../../pic32c/lib/thumb/v6-m/nofp\libc_nano.a
END GROUP
LOAD c:/program files/microchip/xc32/v3.01/bin/bin/../../lib/gcc/pic32c/8.3.1/thumb/v6-m/nofp/crtend.o
LOAD c:/program files/microchip/xc32/v3.01/bin/bin/../../lib/gcc/pic32c/8.3.1/thumb/v6-m/nofp/crtn.o
OUTPUT(dist/default/production/project_iii.X.production.elf elf32-littlearm)
LOAD stack
LOAD data_init

.ARM.attributes
                0x00000000       0x2a
 .ARM.attributes
                0x00000000       0x1e c:/program files/microchip/xc32/v3.01/bin/bin/../../lib/gcc/pic32c/8.3.1/thumb/v6-m/nofp/crti.o
 .ARM.attributes
                0x0000001e       0x2c c:/program files/microchip/xc32/v3.01/bin/bin/../../lib/gcc/pic32c/8.3.1/thumb/v6-m/nofp/crtbegin.o
 .ARM.attributes
                0x0000004a       0x2c build/default/production/_ext/1593096446/plib_nvmctrl.o
 .ARM.attributes
                0x00000076       0x2c build/default/production/_ext/1986646378/plib_evsys.o
 .ARM.attributes
                0x000000a2       0x2c build/default/production/_ext/1360937237/main.o
 .ARM.attributes
                0x000000ce       0x2c build/default/production/_ext/1171490990/initialization.o
 .ARM.attributes
                0x000000fa       0x2c build/default/production/_ext/1171490990/interrupts.o
 .ARM.attributes
                0x00000126       0x2c build/default/production/_ext/1171490990/exceptions.o
 .ARM.attributes
                0x00000152       0x2c build/default/production/_ext/1865521619/plib_port.o
 .ARM.attributes
                0x0000017e       0x2c build/default/production/_ext/1984496892/plib_clock.o
 .ARM.attributes
                0x000001aa       0x2c build/default/production/_ext/1865468468/plib_nvic.o
 .ARM.attributes
                0x000001d6       0x2c build/default/production/_ext/1171490990/startup_xc32.o
 .ARM.attributes
                0x00000202       0x2c build/default/production/_ext/60167341/plib_eic.o
 .ARM.attributes
                0x0000022e       0x2c c:/program files/microchip/xc32/v3.01/bin/bin/../../lib/gcc/pic32c/8.3.1/../../../../pic32c/lib/thumb/v6-m/nofp\libpic32c.a(data_init.o)
 .ARM.attributes
                0x0000025a       0x2c c:/program files/microchip/xc32/v3.01/bin/bin/../../lib/gcc/pic32c/8.3.1/../../../../pic32c/lib/thumb/v6-m/nofp\libc_nano.a(lib_a-init.o)
 .ARM.attributes
                0x00000286       0x1e c:/program files/microchip/xc32/v3.01/bin/bin/../../lib/gcc/pic32c/8.3.1/thumb/v6-m/nofp/crtn.o

.comment        0x00000000       0x53
 .comment       0x00000000       0x53 c:/program files/microchip/xc32/v3.01/bin/bin/../../lib/gcc/pic32c/8.3.1/thumb/v6-m/nofp/crtbegin.o
                                 0x54 (size before relaxing)
 .comment       0x00000053       0x54 build/default/production/_ext/1593096446/plib_nvmctrl.o
 .comment       0x00000053       0x54 build/default/production/_ext/1986646378/plib_evsys.o
 .comment       0x00000053       0x54 build/default/production/_ext/1360937237/main.o
 .comment       0x00000053       0x54 build/default/production/_ext/1171490990/initialization.o
 .comment       0x00000053       0x54 build/default/production/_ext/1171490990/interrupts.o
 .comment       0x00000053       0x54 build/default/production/_ext/1171490990/exceptions.o
 .comment       0x00000053       0x54 build/default/production/_ext/1865521619/plib_port.o
 .comment       0x00000053       0x54 build/default/production/_ext/1984496892/plib_clock.o
 .comment       0x00000053       0x54 build/default/production/_ext/1865468468/plib_nvic.o
 .comment       0x00000053       0x54 build/default/production/_ext/1171490990/startup_xc32.o
 .comment       0x00000053       0x54 build/default/production/_ext/60167341/plib_eic.o
 .comment       0x00000053       0x54 c:/program files/microchip/xc32/v3.01/bin/bin/../../lib/gcc/pic32c/8.3.1/../../../../pic32c/lib/thumb/v6-m/nofp\libpic32c.a(data_init.o)
 .comment       0x00000053       0x54 c:/program files/microchip/xc32/v3.01/bin/bin/../../lib/gcc/pic32c/8.3.1/../../../../pic32c/lib/thumb/v6-m/nofp\libc_nano.a(lib_a-init.o)

.debug_info     0x00000000     0x6b5a
 .debug_info    0x00000000     0x14a0 build/default/production/_ext/1593096446/plib_nvmctrl.o
 .debug_info    0x000014a0      0x33d build/default/production/_ext/1986646378/plib_evsys.o
 .debug_info    0x000017dd     0x121b build/default/production/_ext/1360937237/main.o
 .debug_info    0x000029f8      0x60e build/default/production/_ext/1171490990/initialization.o
 .debug_info    0x00003006      0x89a build/default/production/_ext/1171490990/interrupts.o
 .debug_info    0x000038a0      0x358 build/default/production/_ext/1171490990/exceptions.o
 .debug_info    0x00003bf8      0xda3 build/default/production/_ext/1865521619/plib_port.o
 .debug_info    0x0000499b      0x8c7 build/default/production/_ext/1984496892/plib_clock.o
 .debug_info    0x00005262      0xa50 build/default/production/_ext/1865468468/plib_nvic.o
 .debug_info    0x00005cb2      0x4e3 build/default/production/_ext/1171490990/startup_xc32.o
 .debug_info    0x00006195      0x702 build/default/production/_ext/60167341/plib_eic.o
 .debug_info    0x00006897      0x2c3 c:/program files/microchip/xc32/v3.01/bin/bin/../../lib/gcc/pic32c/8.3.1/../../../../pic32c/lib/thumb/v6-m/nofp\libpic32c.a(data_init.o)

.debug_abbrev   0x00000000      0xee2
 .debug_abbrev  0x00000000      0x2b8 build/default/production/_ext/1593096446/plib_nvmctrl.o
 .debug_abbrev  0x000002b8       0x3b build/default/production/_ext/1986646378/plib_evsys.o
 .debug_abbrev  0x000002f3      0x250 build/default/production/_ext/1360937237/main.o
 .debug_abbrev  0x00000543       0xda build/default/production/_ext/1171490990/initialization.o
 .debug_abbrev  0x0000061d       0xa6 build/default/production/_ext/1171490990/interrupts.o
 .debug_abbrev  0x000006c3       0x3e build/default/production/_ext/1171490990/exceptions.o
 .debug_abbrev  0x00000701      0x1d6 build/default/production/_ext/1865521619/plib_port.o
 .debug_abbrev  0x000008d7      0x12d build/default/production/_ext/1984496892/plib_clock.o
 .debug_abbrev  0x00000a04      0x1e1 build/default/production/_ext/1865468468/plib_nvic.o
 .debug_abbrev  0x00000be5      0x11f build/default/production/_ext/1171490990/startup_xc32.o
 .debug_abbrev  0x00000d04      0x1b0 build/default/production/_ext/60167341/plib_eic.o
 .debug_abbrev  0x00000eb4       0x2e c:/program files/microchip/xc32/v3.01/bin/bin/../../lib/gcc/pic32c/8.3.1/../../../../pic32c/lib/thumb/v6-m/nofp\libpic32c.a(data_init.o)

.debug_loc      0x00000000      0x7cb
 .debug_loc     0x00000000      0x2f9 build/default/production/_ext/1593096446/plib_nvmctrl.o
 .debug_loc     0x000002f9       0x20 build/default/production/_ext/1360937237/main.o
 .debug_loc     0x00000319       0x45 build/default/production/_ext/1171490990/initialization.o
 .debug_loc     0x0000035e      0x226 build/default/production/_ext/1865521619/plib_port.o
 .debug_loc     0x00000584       0x8e build/default/production/_ext/1984496892/plib_clock.o
 .debug_loc     0x00000612       0x70 build/default/production/_ext/1865468468/plib_nvic.o
 .debug_loc     0x00000682       0x20 build/default/production/_ext/1171490990/startup_xc32.o
 .debug_loc     0x000006a2      0x115 build/default/production/_ext/60167341/plib_eic.o
 .debug_loc     0x000007b7       0x14 c:/program files/microchip/xc32/v3.01/bin/bin/../../lib/gcc/pic32c/8.3.1/../../../../pic32c/lib/thumb/v6-m/nofp\libpic32c.a(data_init.o)

.debug_aranges  0x00000000      0x270
 .debug_aranges
                0x00000000       0x70 build/default/production/_ext/1593096446/plib_nvmctrl.o
 .debug_aranges
                0x00000070       0x20 build/default/production/_ext/1986646378/plib_evsys.o
 .debug_aranges
                0x00000090       0x28 build/default/production/_ext/1360937237/main.o
 .debug_aranges
                0x000000b8       0x20 build/default/production/_ext/1171490990/initialization.o
 .debug_aranges
                0x000000d8       0x20 build/default/production/_ext/1171490990/interrupts.o
 .debug_aranges
                0x000000f8       0x28 build/default/production/_ext/1171490990/exceptions.o
 .debug_aranges
                0x00000120       0x70 build/default/production/_ext/1865521619/plib_port.o
 .debug_aranges
                0x00000190       0x20 build/default/production/_ext/1984496892/plib_clock.o
 .debug_aranges
                0x000001b0       0x38 build/default/production/_ext/1865468468/plib_nvic.o
 .debug_aranges
                0x000001e8       0x28 build/default/production/_ext/1171490990/startup_xc32.o
 .debug_aranges
                0x00000210       0x40 build/default/production/_ext/60167341/plib_eic.o
 .debug_aranges
                0x00000250       0x20 c:/program files/microchip/xc32/v3.01/bin/bin/../../lib/gcc/pic32c/8.3.1/../../../../pic32c/lib/thumb/v6-m/nofp\libpic32c.a(data_init.o)

.debug_ranges   0x00000000      0x1c8
 .debug_ranges  0x00000000       0x60 build/default/production/_ext/1593096446/plib_nvmctrl.o
 .debug_ranges  0x00000060       0x10 build/default/production/_ext/1986646378/plib_evsys.o
 .debug_ranges  0x00000070       0x18 build/default/production/_ext/1360937237/main.o
 .debug_ranges  0x00000088       0x10 build/default/production/_ext/1171490990/initialization.o
 .debug_ranges  0x00000098       0x10 build/default/production/_ext/1171490990/interrupts.o
 .debug_ranges  0x000000a8       0x18 build/default/production/_ext/1171490990/exceptions.o
 .debug_ranges  0x000000c0       0x60 build/default/production/_ext/1865521619/plib_port.o
 .debug_ranges  0x00000120       0x28 build/default/production/_ext/1984496892/plib_clock.o
 .debug_ranges  0x00000148       0x28 build/default/production/_ext/1865468468/plib_nvic.o
 .debug_ranges  0x00000170       0x18 build/default/production/_ext/1171490990/startup_xc32.o
 .debug_ranges  0x00000188       0x30 build/default/production/_ext/60167341/plib_eic.o
 .debug_ranges  0x000001b8       0x10 c:/program files/microchip/xc32/v3.01/bin/bin/../../lib/gcc/pic32c/8.3.1/../../../../pic32c/lib/thumb/v6-m/nofp\libpic32c.a(data_init.o)

.debug_line     0x00000000     0x17e8
 .debug_line    0x00000000      0x3a4 build/default/production/_ext/1593096446/plib_nvmctrl.o
 .debug_line    0x000003a4       0x66 build/default/production/_ext/1986646378/plib_evsys.o
 .debug_line    0x0000040a      0x233 build/default/production/_ext/1360937237/main.o
 .debug_line    0x0000063d      0x282 build/default/production/_ext/1171490990/initialization.o
 .debug_line    0x000008bf      0x104 build/default/production/_ext/1171490990/interrupts.o
 .debug_line    0x000009c3       0x6e build/default/production/_ext/1171490990/exceptions.o
 .debug_line    0x00000a31      0x2e4 build/default/production/_ext/1865521619/plib_port.o
 .debug_line    0x00000d15      0x23b build/default/production/_ext/1984496892/plib_clock.o
 .debug_line    0x00000f50      0x2e7 build/default/production/_ext/1865468468/plib_nvic.o
 .debug_line    0x00001237      0x1a3 build/default/production/_ext/1171490990/startup_xc32.o
 .debug_line    0x000013da      0x2dc build/default/production/_ext/60167341/plib_eic.o
 .debug_line    0x000016b6      0x132 c:/program files/microchip/xc32/v3.01/bin/bin/../../lib/gcc/pic32c/8.3.1/../../../../pic32c/lib/thumb/v6-m/nofp\libpic32c.a(data_init.o)

.debug_str      0x00000000      0x102
 .debug_str     0x00000000       0x1f build/default/production/_ext/1593096446/plib_nvmctrl.o
 .debug_str     0x0000001f        0x0 build/default/production/_ext/1986646378/plib_evsys.o
 .debug_str     0x0000001f       0x32 build/default/production/_ext/1360937237/main.o
 .debug_str     0x00000051       0x64 build/default/production/_ext/1171490990/initialization.o
 .debug_str     0x000000b5        0x0 build/default/production/_ext/1171490990/interrupts.o
 .debug_str     0x000000b5        0x0 build/default/production/_ext/1171490990/exceptions.o
 .debug_str     0x000000b5        0xb build/default/production/_ext/1865521619/plib_port.o
 .debug_str     0x000000c0        0x0 build/default/production/_ext/1984496892/plib_clock.o
 .debug_str     0x000000c0        0xa build/default/production/_ext/1865468468/plib_nvic.o
 .debug_str     0x000000ca       0x2f build/default/production/_ext/1171490990/startup_xc32.o
 .debug_str     0x000000f9        0x9 build/default/production/_ext/60167341/plib_eic.o
 .debug_str     0x00000102        0x0 c:/program files/microchip/xc32/v3.01/bin/bin/../../lib/gcc/pic32c/8.3.1/../../../../pic32c/lib/thumb/v6-m/nofp\libpic32c.a(data_init.o)

.debug_frame    0x00000000      0x3d8
 .debug_frame   0x00000000       0xd4 build/default/production/_ext/1593096446/plib_nvmctrl.o
 .debug_frame   0x000000d4       0x20 build/default/production/_ext/1986646378/plib_evsys.o
 .debug_frame   0x000000f4       0x38 build/default/production/_ext/1360937237/main.o
 .debug_frame   0x0000012c       0x28 build/default/production/_ext/1171490990/initialization.o
 .debug_frame   0x00000154       0x20 build/default/production/_ext/1171490990/interrupts.o
 .debug_frame   0x00000174       0x30 build/default/production/_ext/1171490990/exceptions.o
 .debug_frame   0x000001a4       0xcc build/default/production/_ext/1865521619/plib_port.o
 .debug_frame   0x00000270       0x20 build/default/production/_ext/1984496892/plib_clock.o
 .debug_frame   0x00000290       0x50 build/default/production/_ext/1865468468/plib_nvic.o
 .debug_frame   0x000002e0       0x38 build/default/production/_ext/1171490990/startup_xc32.o
 .debug_frame   0x00000318       0x8c build/default/production/_ext/60167341/plib_eic.o
 .debug_frame   0x000003a4       0x34 c:/program files/microchip/xc32/v3.01/bin/bin/../../lib/gcc/pic32c/8.3.1/../../../../pic32c/lib/thumb/v6-m/nofp\libpic32c.a(data_init.o)

.stack          0x20000300      0x100
 .stack         0x20000300      0x100 stack

.bss.eicCallbackObject%1
                0x20000000       0xc0
 .bss.eicCallbackObject
                0x20000000       0xc0 build/default/production/_ext/60167341/plib_eic.o
                0x20000000                eicCallbackObject

.bss%2          0x200000c0       0x20
 .bss           0x200000c0       0x1c c:/program files/microchip/xc32/v3.01/bin/bin/../../lib/gcc/pic32c/8.3.1/thumb/v6-m/nofp/crtbegin.o
 .bss           0x200000dc        0x4 c:/program files/microchip/xc32/v3.01/bin/bin/../../lib/gcc/pic32c/8.3.1/../../../../pic32c/lib/thumb/v6-m/nofp\libpic32c.a(data_init.o)

.eh_frame%z1    0x00000000        0x0
 .eh_frame      0x00000000        0x0 c:/program files/microchip/xc32/v3.01/bin/bin/../../lib/gcc/pic32c/8.3.1/thumb/v6-m/nofp/crtbegin.o

.text.CLOCK_Initialize%4
                0x000000d0       0x98
 .text.CLOCK_Initialize
                0x000000d0       0x98 build/default/production/_ext/1984496892/plib_clock.o
                0x000000d0                CLOCK_Initialize

.text.__pic32c_data_initialization%5
                0x00000168       0x90
 .text.__pic32c_data_initialization
                0x00000168       0x90 c:/program files/microchip/xc32/v3.01/bin/bin/../../lib/gcc/pic32c/8.3.1/../../../../pic32c/lib/thumb/v6-m/nofp\libpic32c.a(data_init.o)
                0x00000168                __pic32c_data_initialization

.text.EIC_Initialize%6
                0x000001f8       0x80
 .text.EIC_Initialize
                0x000001f8       0x80 build/default/production/_ext/60167341/plib_eic.o
                0x000001f8                EIC_Initialize

.text%7         0x00000278       0x48
 .text          0x00000278       0x48 c:/program files/microchip/xc32/v3.01/bin/bin/../../lib/gcc/pic32c/8.3.1/thumb/v6-m/nofp/crtbegin.o

.text.Reset_Handler%8
                0x000002c0       0x48
 .text.Reset_Handler
                0x000002c0       0x48 build/default/production/_ext/1171490990/startup_xc32.o
                0x000002c0                Reset_Handler

.text.EIC_InterruptHandler%9
                0x00000308       0x48
 .text.EIC_InterruptHandler
                0x00000308       0x48 build/default/production/_ext/60167341/plib_eic.o
                0x00000308                EIC_InterruptHandler

.text.__libc_init_array%10
                0x00000350       0x48
 .text.__libc_init_array
                0x00000350       0x48 c:/program files/microchip/xc32/v3.01/bin/bin/../../lib/gcc/pic32c/8.3.1/../../../../pic32c/lib/thumb/v6-m/nofp\libc_nano.a(lib_a-init.o)
                0x00000350                __libc_init_array

.dinit%11       0x00000398       0x30
 .dinit         0x00000398       0x30 data_init

.text.SYS_Initialize%12
                0x000003c8       0x28
 .text.SYS_Initialize
                0x000003c8       0x28 build/default/production/_ext/1171490990/initialization.o
                0x000003c8                SYS_Initialize

.text.EIC_CallbackRegister%13
                0x000003f0       0x28
 .text.EIC_CallbackRegister
                0x000003f0       0x28 build/default/production/_ext/60167341/plib_eic.o
                0x000003f0                EIC_CallbackRegister

.text.PORT_Initialize%14
                0x00000418       0x24
 .text.PORT_Initialize
                0x00000418       0x24 build/default/production/_ext/1865521619/plib_port.o
                0x00000418                PORT_Initialize

.text.NVIC_Initialize%15
                0x0000043c       0x24
 .text.NVIC_Initialize
                0x0000043c       0x24 build/default/production/_ext/1865468468/plib_nvic.o
                0x0000043c                NVIC_Initialize

.text.main%16   0x00000460       0x18
 .text.main     0x00000460       0x18 build/default/production/_ext/1360937237/main.o
                0x00000460                main

.text.EIC_UserHandler%17
                0x00000478       0x10
 .text.EIC_UserHandler
                0x00000478       0x10 build/default/production/_ext/1360937237/main.o
                0x00000478                EIC_UserHandler

.text.NVMCTRL_Initialize%18
                0x00000488        0xc
 .text.NVMCTRL_Initialize
                0x00000488        0xc build/default/production/_ext/1593096446/plib_nvmctrl.o
                0x00000488                NVMCTRL_Initialize

.text.EVSYS_Initialize%19
                0x00000494        0x2
 .text.EVSYS_Initialize
                0x00000494        0x2 build/default/production/_ext/1986646378/plib_evsys.o
                0x00000494                EVSYS_Initialize

.text.Dummy_Handler%20
                0x00000496        0x2
 .text.Dummy_Handler
                0x00000496        0x2 build/default/production/_ext/1171490990/interrupts.o
                0x00000496                SVCall_Handler
                0x00000496                DMAC_Handler
                0x00000496                AC_Handler
                0x00000496                SysTick_Handler
                0x00000496                PendSV_Handler
                0x00000496                TC7_Handler
                0x00000496                SERCOM1_Handler
                0x00000496                ADC_Handler
                0x00000496                TCC1_Handler
                0x00000496                SERCOM2_Handler
                0x00000496                TCC0_Handler
                0x00000496                RTC_Handler
                0x00000496                TC6_Handler
                0x00000496                WDT_Handler
                0x00000496                TC4_Handler
                0x00000496                USB_Handler
                0x00000496                TC3_Handler
                0x00000496                Dummy_Handler
                0x00000496                PM_Handler
                0x00000496                SERCOM5_Handler
                0x00000496                TCC2_Handler
                0x00000496                EVSYS_Handler
                0x00000496                SERCOM3_Handler
                0x00000496                SERCOM4_Handler
                0x00000496                I2S_Handler
                0x00000496                NVMCTRL_Handler
                0x00000496                SERCOM0_Handler
                0x00000496                DAC_Handler
                0x00000496                PTC_Handler
                0x00000496                TC5_Handler
                0x00000496                SYSCTRL_Handler

.text.NonMaskableInt_Handler%21
                0x00000498        0x2
 .text.NonMaskableInt_Handler
                0x00000498        0x2 build/default/production/_ext/1171490990/exceptions.o
                0x00000498                NonMaskableInt_Handler

.text.HardFault_Handler%22
                0x0000049a        0x2
 .text.HardFault_Handler
                0x0000049a        0x2 build/default/production/_ext/1171490990/exceptions.o
                0x0000049a                HardFault_Handler

.text.Dummy_App_Func%23
                0x0000049c        0x2
 .text.Dummy_App_Func
                0x0000049c        0x2 build/default/production/_ext/1171490990/startup_xc32.o
                0x0000049c                _on_reset
                0x0000049c                _on_bootstrap
                0x0000049c                __xc32_on_reset
                0x0000049c                Dummy_App_Func
                0x0000049c                __xc32_on_bootstrap
